  Determining projects to restore...
  All projects are up-to-date for restore.
  HomeDecorShop.Domain -> C:\Users\Dell\OneDrive\Desktop\TMDT_Nhom6\HomeDecorShop\HomeDecorShop.Domain\bin\Debug\net9.0\HomeDecorShop.Domain.dll
  HomeDecorShop.Application -> C:\Users\Dell\OneDrive\Desktop\TMDT_Nhom6\HomeDecorShop\HomeDecorShop.Application\bin\Debug\net9.0\HomeDecorShop.Application.dll
  HomeDecorShop.Infrastructure -> C:\Users\Dell\OneDrive\Desktop\TMDT_Nhom6\HomeDecorShop\HomeDecorShop.Infrastructure\bin\Debug\net9.0\HomeDecorShop.Infrastructure.dll
C:\Program Files\dotnet\sdk\9.0.308\Microsoft.Common.CurrentVersion.targets(5093,5): warning MSB3026: Could not copy "C:\Users\Dell\OneDrive\Desktop\TMDT_Nhom6\HomeDecorShop\HomeDecorShop.Infrastructure\bin\Debug\net9.0\HomeDecorShop.Infrastructure.dll" to "bin\Debug\net9.0\HomeDecorShop.Infrastructure.dll". Beginning retry 1 in 1000ms. The process cannot access the file 'C:\Users\Dell\OneDrive\Desktop\TMDT_Nhom6\HomeDecorShop\HomeDecorShop.API\bin\Debug\net9.0\HomeDecorShop.Infrastructure.dll' because it is being used by another process. The file is locked by: "HomeDecorShop.API (12908)" [C:\Users\Dell\OneDrive\Desktop\TMDT_Nhom6\HomeDecorShop\HomeDecorShop.API\HomeDecorShop.API.csproj]
C:\Program Files\dotnet\sdk\9.0.308\Microsoft.Common.CurrentVersion.targets(5093,5): warning MSB3026: Could not copy "C:\Users\Dell\OneDrive\Desktop\TMDT_Nhom6\HomeDecorShop\HomeDecorShop.Infrastructure\bin\Debug\net9.0\HomeDecorShop.Infrastructure.dll" to "bin\Debug\net9.0\HomeDecorShop.Infrastructure.dll". Beginning retry 2 in 1000ms. The process cannot access the file 'C:\Users\Dell\OneDrive\Desktop\TMDT_Nhom6\HomeDecorShop\HomeDecorShop.API\bin\Debug\net9.0\HomeDecorShop.Infrastructure.dll' because it is being used by another process. The file is locked by: "HomeDecorShop.API (12908)" [C:\Users\Dell\OneDrive\Desktop\TMDT_Nhom6\HomeDecorShop\HomeDecorShop.API\HomeDecorShop.API.csproj]
C:\Program Files\dotnet\sdk\9.0.308\Microsoft.Common.CurrentVersion.targets(5093,5): warning MSB3026: Could not copy "C:\Users\Dell\OneDrive\Desktop\TMDT_Nhom6\HomeDecorShop\HomeDecorShop.Infrastructure\bin\Debug\net9.0\HomeDecorShop.Infrastructure.dll" to "bin\Debug\net9.0\HomeDecorShop.Infrastructure.dll". Beginning retry 3 in 1000ms. The process cannot access the file 'C:\Users\Dell\OneDrive\Desktop\TMDT_Nhom6\HomeDecorShop\HomeDecorShop.API\bin\Debug\net9.0\HomeDecorShop.Infrastructure.dll' because it is being used by another process. The file is locked by: "HomeDecorShop.API (12908)" [C:\Users\Dell\OneDrive\Desktop\TMDT_Nhom6\HomeDecorShop\HomeDecorShop.API\HomeDecorShop.API.csproj]
C:\Program Files\dotnet\sdk\9.0.308\Microsoft.Common.CurrentVersion.targets(5093,5): warning MSB3026: Could not copy "C:\Users\Dell\OneDrive\Desktop\TMDT_Nhom6\HomeDecorShop\HomeDecorShop.Infrastructure\bin\Debug\net9.0\HomeDecorShop.Infrastructure.dll" to "bin\Debug\net9.0\HomeDecorShop.Infrastructure.dll". Beginning retry 4 in 1000ms. The process cannot access the file 'C:\Users\Dell\OneDrive\Desktop\TMDT_Nhom6\HomeDecorShop\HomeDecorShop.API\bin\Debug\net9.0\HomeDecorShop.Infrastructure.dll' because it is being used by another process. The file is locked by: "HomeDecorShop.API (12908)" [C:\Users\Dell\OneDrive\Desktop\TMDT_Nhom6\HomeDecorShop\HomeDecorShop.API\HomeDecorShop.API.csproj]
C:\Program Files\dotnet\sdk\9.0.308\Microsoft.Common.CurrentVersion.targets(5093,5): warning MSB3026: Could not copy "C:\Users\Dell\OneDrive\Desktop\TMDT_Nhom6\HomeDecorShop\HomeDecorShop.Infrastructure\bin\Debug\net9.0\HomeDecorShop.Infrastructure.dll" to "bin\Debug\net9.0\HomeDecorShop.Infrastructure.dll". Beginning retry 5 in 1000ms. The process cannot access the file 'C:\Users\Dell\OneDrive\Desktop\TMDT_Nhom6\HomeDecorShop\HomeDecorShop.API\bin\Debug\net9.0\HomeDecorShop.Infrastructure.dll' because it is being used by another process. The file is locked by: "HomeDecorShop.API (12908)" [C:\Users\Dell\OneDrive\Desktop\TMDT_Nhom6\HomeDecorShop\HomeDecorShop.API\HomeDecorShop.API.csproj]
C:\Program Files\dotnet\sdk\9.0.308\Microsoft.Common.CurrentVersion.targets(5093,5): warning MSB3026: Could not copy "C:\Users\Dell\OneDrive\Desktop\TMDT_Nhom6\HomeDecorShop\HomeDecorShop.Infrastructure\bin\Debug\net9.0\HomeDecorShop.Infrastructure.dll" to "bin\Debug\net9.0\HomeDecorShop.Infrastructure.dll". Beginning retry 6 in 1000ms. The process cannot access the file 'C:\Users\Dell\OneDrive\Desktop\TMDT_Nhom6\HomeDecorShop\HomeDecorShop.API\bin\Debug\net9.0\HomeDecorShop.Infrastructure.dll' because it is being used by another process. The file is locked by: "HomeDecorShop.API (12908)" [C:\Users\Dell\OneDrive\Desktop\TMDT_Nhom6\HomeDecorShop\HomeDecorShop.API\HomeDecorShop.API.csproj]
C:\Program Files\dotnet\sdk\9.0.308\Microsoft.Common.CurrentVersion.targets(5093,5): warning MSB3026: Could not copy "C:\Users\Dell\OneDrive\Desktop\TMDT_Nhom6\HomeDecorShop\HomeDecorShop.Infrastructure\bin\Debug\net9.0\HomeDecorShop.Infrastructure.dll" to "bin\Debug\net9.0\HomeDecorShop.Infrastructure.dll". Beginning retry 7 in 1000ms. The process cannot access the file 'C:\Users\Dell\OneDrive\Desktop\TMDT_Nhom6\HomeDecorShop\HomeDecorShop.API\bin\Debug\net9.0\HomeDecorShop.Infrastructure.dll' because it is being used by another process. The file is locked by: "HomeDecorShop.API (12908)" [C:\Users\Dell\OneDrive\Desktop\TMDT_Nhom6\HomeDecorShop\HomeDecorShop.API\HomeDecorShop.API.csproj]
C:\Program Files\dotnet\sdk\9.0.308\Microsoft.Common.CurrentVersion.targets(5093,5): warning MSB3026: Could not copy "C:\Users\Dell\OneDrive\Desktop\TMDT_Nhom6\HomeDecorShop\HomeDecorShop.Infrastructure\bin\Debug\net9.0\HomeDecorShop.Infrastructure.dll" to "bin\Debug\net9.0\HomeDecorShop.Infrastructure.dll". Beginning retry 8 in 1000ms. The process cannot access the file 'C:\Users\Dell\OneDrive\Desktop\TMDT_Nhom6\HomeDecorShop\HomeDecorShop.API\bin\Debug\net9.0\HomeDecorShop.Infrastructure.dll' because it is being used by another process. The file is locked by: "HomeDecorShop.API (12908)" [C:\Users\Dell\OneDrive\Desktop\TMDT_Nhom6\HomeDecorShop\HomeDecorShop.API\HomeDecorShop.API.csproj]
C:\Program Files\dotnet\sdk\9.0.308\Microsoft.Common.CurrentVersion.targets(5093,5): warning MSB3026: Could not copy "C:\Users\Dell\OneDrive\Desktop\TMDT_Nhom6\HomeDecorShop\HomeDecorShop.Infrastructure\bin\Debug\net9.0\HomeDecorShop.Infrastructure.dll" to "bin\Debug\net9.0\HomeDecorShop.Infrastructure.dll". Beginning retry 9 in 1000ms. The process cannot access the file 'C:\Users\Dell\OneDrive\Desktop\TMDT_Nhom6\HomeDecorShop\HomeDecorShop.API\bin\Debug\net9.0\HomeDecorShop.Infrastructure.dll' because it is being used by another process. The file is locked by: "HomeDecorShop.API (12908)" [C:\Users\Dell\OneDrive\Desktop\TMDT_Nhom6\HomeDecorShop\HomeDecorShop.API\HomeDecorShop.API.csproj]
C:\Program Files\dotnet\sdk\9.0.308\Microsoft.Common.CurrentVersion.targets(5093,5): warning MSB3026: Could not copy "C:\Users\Dell\OneDrive\Desktop\TMDT_Nhom6\HomeDecorShop\HomeDecorShop.Infrastructure\bin\Debug\net9.0\HomeDecorShop.Infrastructure.dll" to "bin\Debug\net9.0\HomeDecorShop.Infrastructure.dll". Beginning retry 10 in 1000ms. The process cannot access the file 'C:\Users\Dell\OneDrive\Desktop\TMDT_Nhom6\HomeDecorShop\HomeDecorShop.API\bin\Debug\net9.0\HomeDecorShop.Infrastructure.dll' because it is being used by another process. The file is locked by: "HomeDecorShop.API (12908)" [C:\Users\Dell\OneDrive\Desktop\TMDT_Nhom6\HomeDecorShop\HomeDecorShop.API\HomeDecorShop.API.csproj]
C:\Program Files\dotnet\sdk\9.0.308\Microsoft.Common.CurrentVersion.targets(5093,5): error MSB3027: Could not copy "C:\Users\Dell\OneDrive\Desktop\TMDT_Nhom6\HomeDecorShop\HomeDecorShop.Infrastructure\bin\Debug\net9.0\HomeDecorShop.Infrastructure.dll" to "bin\Debug\net9.0\HomeDecorShop.Infrastructure.dll". Exceeded retry count of 10. Failed. The file is locked by: "HomeDecorShop.API (12908)" [C:\Users\Dell\OneDrive\Desktop\TMDT_Nhom6\HomeDecorShop\HomeDecorShop.API\HomeDecorShop.API.csproj]
C:\Program Files\dotnet\sdk\9.0.308\Microsoft.Common.CurrentVersion.targets(5093,5): error MSB3021: Unable to copy file "C:\Users\Dell\OneDrive\Desktop\TMDT_Nhom6\HomeDecorShop\HomeDecorShop.Infrastructure\bin\Debug\net9.0\HomeDecorShop.Infrastructure.dll" to "bin\Debug\net9.0\HomeDecorShop.Infrastructure.dll". The process cannot access the file 'C:\Users\Dell\OneDrive\Desktop\TMDT_Nhom6\HomeDecorShop\HomeDecorShop.API\bin\Debug\net9.0\HomeDecorShop.Infrastructure.dll' because it is being used by another process. [C:\Users\Dell\OneDrive\Desktop\TMDT_Nhom6\HomeDecorShop\HomeDecorShop.API\HomeDecorShop.API.csproj]

Build FAILED.

C:\Program Files\dotnet\sdk\9.0.308\Microsoft.Common.CurrentVersion.targets(5093,5): warning MSB3026: Could not copy "C:\Users\Dell\OneDrive\Desktop\TMDT_Nhom6\HomeDecorShop\HomeDecorShop.Infrastructure\bin\Debug\net9.0\HomeDecorShop.Infrastructure.dll" to "bin\Debug\net9.0\HomeDecorShop.Infrastructure.dll". Beginning retry 1 in 1000ms. The process cannot access the file 'C:\Users\Dell\OneDrive\Desktop\TMDT_Nhom6\HomeDecorShop\HomeDecorShop.API\bin\Debug\net9.0\HomeDecorShop.Infrastructure.dll' because it is being used by another process. The file is locked by: "HomeDecorShop.API (12908)" [C:\Users\Dell\OneDrive\Desktop\TMDT_Nhom6\HomeDecorShop\HomeDecorShop.API\HomeDecorShop.API.csproj]
C:\Program Files\dotnet\sdk\9.0.308\Microsoft.Common.CurrentVersion.targets(5093,5): warning MSB3026: Could not copy "C:\Users\Dell\OneDrive\Desktop\TMDT_Nhom6\HomeDecorShop\HomeDecorShop.Infrastructure\bin\Debug\net9.0\HomeDecorShop.Infrastructure.dll" to "bin\Debug\net9.0\HomeDecorShop.Infrastructure.dll". Beginning retry 2 in 1000ms. The process cannot access the file 'C:\Users\Dell\OneDrive\Desktop\TMDT_Nhom6\HomeDecorShop\HomeDecorShop.API\bin\Debug\net9.0\HomeDecorShop.Infrastructure.dll' because it is being used by another process. The file is locked by: "HomeDecorShop.API (12908)" [C:\Users\Dell\OneDrive\Desktop\TMDT_Nhom6\HomeDecorShop\HomeDecorShop.API\HomeDecorShop.API.csproj]
C:\Program Files\dotnet\sdk\9.0.308\Microsoft.Common.CurrentVersion.targets(5093,5): warning MSB3026: Could not copy "C:\Users\Dell\OneDrive\Desktop\TMDT_Nhom6\HomeDecorShop\HomeDecorShop.Infrastructure\bin\Debug\net9.0\HomeDecorShop.Infrastructure.dll" to "bin\Debug\net9.0\HomeDecorShop.Infrastructure.dll". Beginning retry 3 in 1000ms. The process cannot access the file 'C:\Users\Dell\OneDrive\Desktop\TMDT_Nhom6\HomeDecorShop\HomeDecorShop.API\bin\Debug\net9.0\HomeDecorShop.Infrastructure.dll' because it is being used by another process. The file is locked by: "HomeDecorShop.API (12908)" [C:\Users\Dell\OneDrive\Desktop\TMDT_Nhom6\HomeDecorShop\HomeDecorShop.API\HomeDecorShop.API.csproj]
C:\Program Files\dotnet\sdk\9.0.308\Microsoft.Common.CurrentVersion.targets(5093,5): warning MSB3026: Could not copy "C:\Users\Dell\OneDrive\Desktop\TMDT_Nhom6\HomeDecorShop\HomeDecorShop.Infrastructure\bin\Debug\net9.0\HomeDecorShop.Infrastructure.dll" to "bin\Debug\net9.0\HomeDecorShop.Infrastructure.dll". Beginning retry 4 in 1000ms. The process cannot access the file 'C:\Users\Dell\OneDrive\Desktop\TMDT_Nhom6\HomeDecorShop\HomeDecorShop.API\bin\Debug\net9.0\HomeDecorShop.Infrastructure.dll' because it is being used by another process. The file is locked by: "HomeDecorShop.API (12908)" [C:\Users\Dell\OneDrive\Desktop\TMDT_Nhom6\HomeDecorShop\HomeDecorShop.API\HomeDecorShop.API.csproj]
C:\Program Files\dotnet\sdk\9.0.308\Microsoft.Common.CurrentVersion.targets(5093,5): warning MSB3026: Could not copy "C:\Users\Dell\OneDrive\Desktop\TMDT_Nhom6\HomeDecorShop\HomeDecorShop.Infrastructure\bin\Debug\net9.0\HomeDecorShop.Infrastructure.dll" to "bin\Debug\net9.0\HomeDecorShop.Infrastructure.dll". Beginning retry 5 in 1000ms. The process cannot access the file 'C:\Users\Dell\OneDrive\Desktop\TMDT_Nhom6\HomeDecorShop\HomeDecorShop.API\bin\Debug\net9.0\HomeDecorShop.Infrastructure.dll' because it is being used by another process. The file is locked by: "HomeDecorShop.API (12908)" [C:\Users\Dell\OneDrive\Desktop\TMDT_Nhom6\HomeDecorShop\HomeDecorShop.API\HomeDecorShop.API.csproj]
C:\Program Files\dotnet\sdk\9.0.308\Microsoft.Common.CurrentVersion.targets(5093,5): warning MSB3026: Could not copy "C:\Users\Dell\OneDrive\Desktop\TMDT_Nhom6\HomeDecorShop\HomeDecorShop.Infrastructure\bin\Debug\net9.0\HomeDecorShop.Infrastructure.dll" to "bin\Debug\net9.0\HomeDecorShop.Infrastructure.dll". Beginning retry 6 in 1000ms. The process cannot access the file 'C:\Users\Dell\OneDrive\Desktop\TMDT_Nhom6\HomeDecorShop\HomeDecorShop.API\bin\Debug\net9.0\HomeDecorShop.Infrastructure.dll' because it is being used by another process. The file is locked by: "HomeDecorShop.API (12908)" [C:\Users\Dell\OneDrive\Desktop\TMDT_Nhom6\HomeDecorShop\HomeDecorShop.API\HomeDecorShop.API.csproj]
C:\Program Files\dotnet\sdk\9.0.308\Microsoft.Common.CurrentVersion.targets(5093,5): warning MSB3026: Could not copy "C:\Users\Dell\OneDrive\Desktop\TMDT_Nhom6\HomeDecorShop\HomeDecorShop.Infrastructure\bin\Debug\net9.0\HomeDecorShop.Infrastructure.dll" to "bin\Debug\net9.0\HomeDecorShop.Infrastructure.dll". Beginning retry 7 in 1000ms. The process cannot access the file 'C:\Users\Dell\OneDrive\Desktop\TMDT_Nhom6\HomeDecorShop\HomeDecorShop.API\bin\Debug\net9.0\HomeDecorShop.Infrastructure.dll' because it is being used by another process. The file is locked by: "HomeDecorShop.API (12908)" [C:\Users\Dell\OneDrive\Desktop\TMDT_Nhom6\HomeDecorShop\HomeDecorShop.API\HomeDecorShop.API.csproj]
C:\Program Files\dotnet\sdk\9.0.308\Microsoft.Common.CurrentVersion.targets(5093,5): warning MSB3026: Could not copy "C:\Users\Dell\OneDrive\Desktop\TMDT_Nhom6\HomeDecorShop\HomeDecorShop.Infrastructure\bin\Debug\net9.0\HomeDecorShop.Infrastructure.dll" to "bin\Debug\net9.0\HomeDecorShop.Infrastructure.dll". Beginning retry 8 in 1000ms. The process cannot access the file 'C:\Users\Dell\OneDrive\Desktop\TMDT_Nhom6\HomeDecorShop\HomeDecorShop.API\bin\Debug\net9.0\HomeDecorShop.Infrastructure.dll' because it is being used by another process. The file is locked by: "HomeDecorShop.API (12908)" [C:\Users\Dell\OneDrive\Desktop\TMDT_Nhom6\HomeDecorShop\HomeDecorShop.API\HomeDecorShop.API.csproj]
C:\Program Files\dotnet\sdk\9.0.308\Microsoft.Common.CurrentVersion.targets(5093,5): warning MSB3026: Could not copy "C:\Users\Dell\OneDrive\Desktop\TMDT_Nhom6\HomeDecorShop\HomeDecorShop.Infrastructure\bin\Debug\net9.0\HomeDecorShop.Infrastructure.dll" to "bin\Debug\net9.0\HomeDecorShop.Infrastructure.dll". Beginning retry 9 in 1000ms. The process cannot access the file 'C:\Users\Dell\OneDrive\Desktop\TMDT_Nhom6\HomeDecorShop\HomeDecorShop.API\bin\Debug\net9.0\HomeDecorShop.Infrastructure.dll' because it is being used by another process. The file is locked by: "HomeDecorShop.API (12908)" [C:\Users\Dell\OneDrive\Desktop\TMDT_Nhom6\HomeDecorShop\HomeDecorShop.API\HomeDecorShop.API.csproj]
C:\Program Files\dotnet\sdk\9.0.308\Microsoft.Common.CurrentVersion.targets(5093,5): warning MSB3026: Could not copy "C:\Users\Dell\OneDrive\Desktop\TMDT_Nhom6\HomeDecorShop\HomeDecorShop.Infrastructure\bin\Debug\net9.0\HomeDecorShop.Infrastructure.dll" to "bin\Debug\net9.0\HomeDecorShop.Infrastructure.dll". Beginning retry 10 in 1000ms. The process cannot access the file 'C:\Users\Dell\OneDrive\Desktop\TMDT_Nhom6\HomeDecorShop\HomeDecorShop.API\bin\Debug\net9.0\HomeDecorShop.Infrastructure.dll' because it is being used by another process. The file is locked by: "HomeDecorShop.API (12908)" [C:\Users\Dell\OneDrive\Desktop\TMDT_Nhom6\HomeDecorShop\HomeDecorShop.API\HomeDecorShop.API.csproj]
C:\Program Files\dotnet\sdk\9.0.308\Microsoft.Common.CurrentVersion.targets(5093,5): error MSB3027: Could not copy "C:\Users\Dell\OneDrive\Desktop\TMDT_Nhom6\HomeDecorShop\HomeDecorShop.Infrastructure\bin\Debug\net9.0\HomeDecorShop.Infrastructure.dll" to "bin\Debug\net9.0\HomeDecorShop.Infrastructure.dll". Exceeded retry count of 10. Failed. The file is locked by: "HomeDecorShop.API (12908)" [C:\Users\Dell\OneDrive\Desktop\TMDT_Nhom6\HomeDecorShop\HomeDecorShop.API\HomeDecorShop.API.csproj]
C:\Program Files\dotnet\sdk\9.0.308\Microsoft.Common.CurrentVersion.targets(5093,5): error MSB3021: Unable to copy file "C:\Users\Dell\OneDrive\Desktop\TMDT_Nhom6\HomeDecorShop\HomeDecorShop.Infrastructure\bin\Debug\net9.0\HomeDecorShop.Infrastructure.dll" to "bin\Debug\net9.0\HomeDecorShop.Infrastructure.dll". The process cannot access the file 'C:\Users\Dell\OneDrive\Desktop\TMDT_Nhom6\HomeDecorShop\HomeDecorShop.API\bin\Debug\net9.0\HomeDecorShop.Infrastructure.dll' because it is being used by another process. [C:\Users\Dell\OneDrive\Desktop\TMDT_Nhom6\HomeDecorShop\HomeDecorShop.API\HomeDecorShop.API.csproj]
    10 Warning(s)
    2 Error(s)

Time Elapsed 00:00:13.16
